[0m17:57:01.210436 [debug] [MainThread]: Sending event: {'category': 'dbt', 'action': 'invocation', 'label': 'start', 'context': [<snowplow_tracker.self_describing_json.SelfDescribingJson object at 0x7fa31b6bf0e0>, <snowplow_tracker.self_describing_json.SelfDescribingJson object at 0x7fa31a553d90>, <snowplow_tracker.self_describing_json.SelfDescribingJson object at 0x7fa31a553b10>]}


============================== 17:57:01.213023 | dc2f34e9-90a4-4a97-93ce-b61ed7e44b3a ==============================
[0m17:57:01.213023 [info ] [MainThread]: Running with dbt=1.11.7
[0m17:57:01.213397 [debug] [MainThread]: running dbt with arguments {'indirect_selection': 'eager', 'version_check': 'True', 'warn_error': 'None', 'warn_error_options': 'WarnErrorOptionsV2(error=[], warn=[], silence=[])', 'log_format': 'default', 'quiet': 'False', 'debug': 'False', 'use_experimental_parser': 'False', 'introspect': 'True', 'target_path': 'None', 'printer_width': '80', 'log_cache_events': 'False', 'profiles_dir': '/home/user/.dbt', 'static_parser': 'True', 'invocation_command': 'dbt init --skip-profile-setup airbnb', 'log_path': 'logs', 'partial_parse': 'True', 'write_json': 'True', 'send_anonymous_usage_stats': 'True', 'use_colors': 'True', 'no_print': 'None', 'empty': 'None', 'fail_fast': 'False', 'cache_selected_only': 'False'}
[0m17:57:01.265815 [info ] [MainThread]: Creating dbt configuration folder at /home/user/.dbt
[0m17:57:01.269184 [debug] [MainThread]: Starter project path: /mnt/data/dbt_course/dbt-course-airbnb/.venv/lib/python3.13/site-packages/dbt/include/starter_project
[0m17:57:01.279977 [info ] [MainThread]: 
Your new dbt project "airbnb" was created!

For more information on how to configure the profiles.yml file,
please consult the dbt documentation here:

  https://docs.getdbt.com/docs/configure-your-profile

One more thing:

Need help? Don't hesitate to reach out to us via GitHub issues or on Slack:

  https://community.getdbt.com/

Happy modeling!

[0m17:57:01.280613 [debug] [MainThread]: Resource report: {"command_name": "init", "command_success": true, "command_wall_clock_time": 0.107192256, "process_in_blocks": "0", "process_kernel_time": 0.187411, "process_mem_max_rss": "109760", "process_out_blocks": "607", "process_user_time": 0.809332}
[0m17:57:01.280929 [debug] [MainThread]: Command `dbt init` succeeded at 17:57:01.280873 after 0.11 seconds
[0m17:57:01.281181 [debug] [MainThread]: Sending event: {'category': 'dbt', 'action': 'invocation', 'label': 'end', 'context': [<snowplow_tracker.self_describing_json.SelfDescribingJson object at 0x7fa31a58a520>, <snowplow_tracker.self_describing_json.SelfDescribingJson object at 0x7fa31a491d90>, <snowplow_tracker.self_describing_json.SelfDescribingJson object at 0x7fa31a7d7ac0>]}
[0m17:57:01.281450 [debug] [MainThread]: Flushing usage events
[0m17:57:02.458327 [debug] [MainThread]: An error was encountered while trying to flush usage events
[0m18:04:48.456342 [debug] [MainThread]: Sending event: {'category': 'dbt', 'action': 'invocation', 'label': 'start', 'context': [<snowplow_tracker.self_describing_json.SelfDescribingJson object at 0x7fe48a4bf0e0>, <snowplow_tracker.self_describing_json.SelfDescribingJson object at 0x7fe48934fc50>, <snowplow_tracker.self_describing_json.SelfDescribingJson object at 0x7fe48934f9d0>]}


============================== 18:04:48.458915 | 0c2be4af-9fc0-45ff-b638-ecf02b861106 ==============================
[0m18:04:48.458915 [info ] [MainThread]: Running with dbt=1.11.7
[0m18:04:48.459322 [debug] [MainThread]: running dbt with arguments {'introspect': 'True', 'log_format': 'default', 'printer_width': '80', 'use_experimental_parser': 'False', 'profiles_dir': '/home/user/.dbt', 'partial_parse': 'True', 'debug': 'False', 'log_cache_events': 'False', 'empty': 'None', 'warn_error': 'None', 'target_path': 'None', 'static_parser': 'True', 'version_check': 'True', 'no_print': 'None', 'fail_fast': 'False', 'use_colors': 'True', 'send_anonymous_usage_stats': 'True', 'invocation_command': 'dbt debug', 'warn_error_options': 'WarnErrorOptionsV2(error=[], warn=[], silence=[])', 'write_json': 'True', 'indirect_selection': 'eager', 'log_path': 'logs', 'cache_selected_only': 'False', 'quiet': 'False'}
[0m18:04:48.477460 [info ] [MainThread]: dbt version: 1.11.7
[0m18:04:48.477764 [info ] [MainThread]: python version: 3.13.15
[0m18:04:48.477973 [info ] [MainThread]: python path: /mnt/data/dbt_course/dbt-course-airbnb/.venv/bin/python
[0m18:04:48.478222 [info ] [MainThread]: os info: Linux-6.18.42-1-cachyos-lts-x86_64-with-glibc2.44
[0m18:04:48.478429 [info ] [MainThread]: Using profiles dir at /home/user/.dbt
[0m18:04:48.478603 [info ] [MainThread]: Using profiles.yml file at /home/user/.dbt/profiles.yml
[0m18:04:48.478769 [info ] [MainThread]: Using dbt_project.yml file at /mnt/data/dbt_course/dbt-course-airbnb/dbt_project.yml
[0m18:04:48.478978 [info ] [MainThread]: Configuration:
[0m18:04:48.479187 [info ] [MainThread]:   profiles.yml file [[31mERROR not found[0m]
[0m18:04:48.479368 [info ] [MainThread]:   dbt_project.yml file [[31mERROR not found[0m]
[0m18:04:48.479554 [info ] [MainThread]: Required dependencies:
[0m18:04:48.479729 [debug] [MainThread]: Executing "git --help"
[0m18:04:48.482246 [debug] [MainThread]: STDOUT: "b"usage: git [-v | --version] [-h | --help] [-C <path>] [-c <name>=<value>]\n           [--exec-path[=<path>]] [--html-path] [--man-path] [--info-path]\n           [-p | --paginate | -P | --no-pager] [--no-replace-objects] [--no-lazy-fetch]\n           [--no-optional-locks] [--no-advice] [--bare] [--git-dir=<path>]\n           [--work-tree=<path>] [--namespace=<name>] [--config-env=<name>=<envvar>]\n           <command> [<args>]\n\nThese are common Git commands used in various situations:\n\nstart a working area (see also: git help tutorial)\n   clone      Clone a repository into a new directory\n   init       Create an empty Git repository or reinitialize an existing one\n\nwork on the current change (see also: git help everyday)\n   add        Add file contents to the index\n   mv         Move or rename a file, a directory, or a symlink\n   restore    Restore working tree files\n   rm         Remove files from the working tree and from the index\n\nexamine the history and state (see also: git help revisions)\n   bisect     Use binary search to find the commit that introduced a bug\n   diff       Show changes between commits, commit and working tree, etc\n   grep       Print lines matching a pattern\n   log        Show commit logs\n   show       Show various types of objects\n   status     Show the working tree status\n\ngrow, mark and tweak your common history\n   backfill   Download missing objects in a partial clone\n   branch     List, create, or delete branches\n   commit     Record changes to the repository\n   history    EXPERIMENTAL: Rewrite history\n   merge      Join two or more development histories together\n   rebase     Reapply commits on top of another base tip\n   reset      Set `HEAD` or the index to a known state\n   switch     Switch branches\n   tag        Create, list, delete or verify tags\n\ncollaborate (see also: git help workflows)\n   fetch      Download objects and refs from another repository\n   pull       Fetch from and integrate with another repository or a local branch\n   push       Update remote refs along with associated objects\n\n'git help -a' and 'git help -g' list available subcommands and some\nconcept guides. See 'git help <command>' or 'git help <concept>'\nto read about a specific subcommand or concept.\nSee 'git help git' for an overview of the system.\n""
[0m18:04:48.482522 [debug] [MainThread]: STDERR: "b''"
[0m18:04:48.482710 [info ] [MainThread]:  - git [[32mOK found[0m]

[0m18:04:48.483043 [info ] [MainThread]: Connection test skipped since no profile was found
[0m18:04:48.483487 [info ] [MainThread]: [31m2 checks failed:[0m
[0m18:04:48.483834 [info ] [MainThread]: dbt looked for a profiles.yml file in /home/user/.dbt/profiles.yml, but did
not find one. For more information on configuring your profile, consult the
documentation:

https://docs.getdbt.com/docs/configure-your-profile


[0m18:04:48.484027 [info ] [MainThread]: Project loading failed for the following reason:
 project path </mnt/data/dbt_course/dbt-course-airbnb/dbt_project.yml> not found

[0m18:04:48.484527 [debug] [MainThread]: Resource report: {"command_name": "debug", "command_success": false, "command_wall_clock_time": 0.06526537, "process_in_blocks": "0", "process_kernel_time": 0.178109, "process_mem_max_rss": "107360", "process_out_blocks": "56", "process_user_time": 0.75062}
[0m18:04:48.484832 [debug] [MainThread]: Command `dbt debug` failed at 18:04:48.484780 after 0.07 seconds
[0m18:04:48.485071 [debug] [MainThread]: Sending event: {'category': 'dbt', 'action': 'invocation', 'label': 'end', 'context': [<snowplow_tracker.self_describing_json.SelfDescribingJson object at 0x7fe489385cd0>, <snowplow_tracker.self_describing_json.SelfDescribingJson object at 0x7fe4894516d0>, <snowplow_tracker.self_describing_json.SelfDescribingJson object at 0x7fe48941c7c0>]}
[0m18:04:48.485324 [debug] [MainThread]: Flushing usage events
[0m18:04:49.391619 [debug] [MainThread]: An error was encountered while trying to flush usage events
